// Jest Snapshot v1, https://goo.gl/fbAQLP

exports[`renders correctly 1`] = `
<View
  style={
    Object {
      "flex": 1,
    }
  }
>
  <View
    style={
      Object {
        "backgroundColor": "white",
        "flex": 4,
      }
    }
  >
    <Image
      resizeMode="stretch"
      source={1}
      style={
        Object {
          "height": "100%",
          "width": "100%",
        }
      }
    />
  </View>
  <View
    style={
      Object {
        "backgroundColor": "#ccc",
        "flex": 10,
      }
    }
  >
    <View
      style={
        Object {
          "alignItems": "center",
          "flex": 1,
          "flexDirection": "row",
          "justifyContent": "space-around",
        }
      }
    >
      <View
        style={
          Object {
            "alignItems": "center",
            "borderRadius": 10,
            "flex": 1,
            "justifyContent": "center",
          }
        }
      >
        <RNGestureHandlerButton
          collapsable={false}
          onGestureEvent={[Function]}
          onGestureHandlerEvent={[Function]}
          onGestureHandlerStateChange={[Function]}
          onHandlerStateChange={[Function]}
          rippleColor={0}
          style={
            Array [
              Object {
                "overflow": "hidden",
              },
              undefined,
            ]
          }
        >
          <View
            accessible={true}
            style={
              Object {
                "opacity": 1,
              }
            }
          >
            <View
              style={
                Object {
                  "backgroundColor": "green",
                  "borderColor": "green",
                  "borderRadius": 10,
                  "borderWidth": 2,
                }
              }
            >
              <Image
                resizeMode="stretch"
                source={1}
                style={
                  Object {
                    "borderRadius": 10,
                    "height": 266.8,
                    "width": 337.5,
                  }
                }
              />
            </View>
          </View>
        </RNGestureHandlerButton>
      </View>
      <View
        style={
          Object {
            "alignItems": "center",
            "borderRadius": 10,
            "flex": 1,
            "justifyContent": "center",
          }
        }
      >
        <RNGestureHandlerButton
          collapsable={false}
          onGestureEvent={[Function]}
          onGestureHandlerEvent={[Function]}
          onGestureHandlerStateChange={[Function]}
          onHandlerStateChange={[Function]}
          rippleColor={0}
          style={
            Array [
              Object {
                "overflow": "hidden",
              },
              undefined,
            ]
          }
        >
          <View
            accessible={true}
            style={
              Object {
                "opacity": 1,
              }
            }
          >
            <View
              style={
                Object {
                  "backgroundColor": "green",
                  "borderColor": "green",
                  "borderRadius": 10,
                  "borderWidth": 2,
                }
              }
            >
              <Image
                resizeMode="stretch"
                source={1}
                style={
                  Object {
                    "borderRadius": 10,
                    "height": 266.8,
                    "width": 337.5,
                  }
                }
              />
            </View>
          </View>
        </RNGestureHandlerButton>
      </View>
    </View>
    <View
      style={
        Object {
          "alignItems": "center",
          "flex": 1,
          "flexDirection": "row",
          "justifyContent": "space-around",
        }
      }
    >
      <View
        style={
          Object {
            "alignItems": "center",
            "borderRadius": 10,
            "flex": 1,
            "justifyContent": "center",
          }
        }
      >
        <RNGestureHandlerButton
          collapsable={false}
          onGestureEvent={[Function]}
          onGestureHandlerEvent={[Function]}
          onGestureHandlerStateChange={[Function]}
          onHandlerStateChange={[Function]}
          rippleColor={0}
          style={
            Array [
              Object {
                "overflow": "hidden",
              },
              undefined,
            ]
          }
        >
          <View
            accessible={true}
            style={
              Object {
                "opacity": 1,
              }
            }
          >
            <View
              style={
                Object {
                  "backgroundColor": "green",
                  "borderColor": "green",
                  "borderRadius": 10,
                  "borderWidth": 2,
                }
              }
            >
              <Image
                resizeMode="stretch"
                source={1}
                style={
                  Object {
                    "borderRadius": 10,
                    "height": 266.8,
                    "width": 337.5,
                  }
                }
              />
            </View>
          </View>
        </RNGestureHandlerButton>
      </View>
      <View
        style={
          Object {
            "alignItems": "center",
            "borderRadius": 10,
            "flex": 1,
            "justifyContent": "center",
          }
        }
      >
        <RNGestureHandlerButton
          collapsable={false}
          onGestureEvent={[Function]}
          onGestureHandlerEvent={[Function]}
          onGestureHandlerStateChange={[Function]}
          onHandlerStateChange={[Function]}
          rippleColor={0}
          style={
            Array [
              Object {
                "overflow": "hidden",
              },
              undefined,
            ]
          }
        >
          <View
            accessible={true}
            style={
              Object {
                "opacity": 1,
              }
            }
          >
            <View
              style={
                Object {
                  "backgroundColor": "green",
                  "borderColor": "green",
                  "borderRadius": 10,
                  "borderWidth": 2,
                }
              }
            >
              <Image
                resizeMode="stretch"
                source={1}
                style={
                  Object {
                    "borderRadius": 10,
                    "height": 266.8,
                    "width": 337.5,
                  }
                }
              />
            </View>
          </View>
        </RNGestureHandlerButton>
      </View>
    </View>
    <View
      style={
        Object {
          "alignItems": "center",
          "flex": 1,
          "flexDirection": "row",
          "justifyContent": "space-around",
        }
      }
    >
      <View
        style={
          Object {
            "alignItems": "center",
            "borderRadius": 10,
            "flex": 1,
            "justifyContent": "center",
          }
        }
      >
        <RNGestureHandlerButton
          collapsable={false}
          onGestureEvent={[Function]}
          onGestureHandlerEvent={[Function]}
          onGestureHandlerStateChange={[Function]}
          onHandlerStateChange={[Function]}
          rippleColor={0}
          style={
            Array [
              Object {
                "overflow": "hidden",
              },
              undefined,
            ]
          }
        >
          <View
            accessible={true}
            style={
              Object {
                "opacity": 1,
              }
            }
          >
            <View
              style={
                Object {
                  "backgroundColor": "green",
                  "borderColor": "green",
                  "borderRadius": 10,
                  "borderWidth": 2,
                }
              }
            >
              <Image
                resizeMode="stretch"
                source={1}
                style={
                  Object {
                    "borderRadius": 10,
                    "height": 266.8,
                    "width": 337.5,
                  }
                }
              />
            </View>
          </View>
        </RNGestureHandlerButton>
      </View>
      <View
        style={
          Object {
            "alignItems": "center",
            "borderRadius": 10,
            "flex": 1,
            "justifyContent": "center",
          }
        }
      >
        <RNGestureHandlerButton
          collapsable={false}
          onGestureEvent={[Function]}
          onGestureHandlerEvent={[Function]}
          onGestureHandlerStateChange={[Function]}
          onHandlerStateChange={[Function]}
          rippleColor={0}
          style={
            Array [
              Object {
                "overflow": "hidden",
              },
              undefined,
            ]
          }
        >
          <View
            accessible={true}
            style={
              Object {
                "opacity": 1,
              }
            }
          >
            <View
              style={
                Object {
                  "backgroundColor": "green",
                  "borderColor": "green",
                  "borderRadius": 10,
                  "borderWidth": 2,
                }
              }
            >
              <Image
                resizeMode="stretch"
                source={1}
                style={
                  Object {
                    "borderRadius": 10,
                    "height": 266.8,
                    "width": 337.5,
                  }
                }
              />
            </View>
          </View>
        </RNGestureHandlerButton>
      </View>
    </View>
  </View>
</View>
`;
